Archive member included to satisfy reference by file (symbol)

c:/st/stm32cubeide_1.0.1/stm32cubeide/plugins/com.st.stm32cube.ide.mcu.externaltools.gnu-tools-for-stm32.7-2018-q2-update.win32_1.0.0.201904181610/tools/bin/../lib/gcc/arm-none-eabi/7.3.1/../../../../arm-none-eabi/lib/thumb/v7e-m/fpv4-sp/hard\libc_nano.a(lib_a-errno.o)
                              Src/syscalls.o (__errno)
c:/st/stm32cubeide_1.0.1/stm32cubeide/plugins/com.st.stm32cube.ide.mcu.externaltools.gnu-tools-for-stm32.7-2018-q2-update.win32_1.0.0.201904181610/tools/bin/../lib/gcc/arm-none-eabi/7.3.1/../../../../arm-none-eabi/lib/thumb/v7e-m/fpv4-sp/hard\libc_nano.a(lib_a-exit.o)
                              c:/st/stm32cubeide_1.0.1/stm32cubeide/plugins/com.st.stm32cube.ide.mcu.externaltools.gnu-tools-for-stm32.7-2018-q2-update.win32_1.0.0.201904181610/tools/bin/../lib/gcc/arm-none-eabi/7.3.1/../../../../arm-none-eabi/lib/thumb/v7e-m/fpv4-sp/hard/crt0.o (exit)
c:/st/stm32cubeide_1.0.1/stm32cubeide/plugins/com.st.stm32cube.ide.mcu.externaltools.gnu-tools-for-stm32.7-2018-q2-update.win32_1.0.0.201904181610/tools/bin/../lib/gcc/arm-none-eabi/7.3.1/../../../../arm-none-eabi/lib/thumb/v7e-m/fpv4-sp/hard\libc_nano.a(lib_a-impure.o)
                              c:/st/stm32cubeide_1.0.1/stm32cubeide/plugins/com.st.stm32cube.ide.mcu.externaltools.gnu-tools-for-stm32.7-2018-q2-update.win32_1.0.0.201904181610/tools/bin/../lib/gcc/arm-none-eabi/7.3.1/../../../../arm-none-eabi/lib/thumb/v7e-m/fpv4-sp/hard\libc_nano.a(lib_a-exit.o) (_global_impure_ptr)
c:/st/stm32cubeide_1.0.1/stm32cubeide/plugins/com.st.stm32cube.ide.mcu.externaltools.gnu-tools-for-stm32.7-2018-q2-update.win32_1.0.0.201904181610/tools/bin/../lib/gcc/arm-none-eabi/7.3.1/../../../../arm-none-eabi/lib/thumb/v7e-m/fpv4-sp/hard\libc_nano.a(lib_a-init.o)
                              c:/st/stm32cubeide_1.0.1/stm32cubeide/plugins/com.st.stm32cube.ide.mcu.externaltools.gnu-tools-for-stm32.7-2018-q2-update.win32_1.0.0.201904181610/tools/bin/../lib/gcc/arm-none-eabi/7.3.1/../../../../arm-none-eabi/lib/thumb/v7e-m/fpv4-sp/hard/crt0.o (__libc_init_array)
c:/st/stm32cubeide_1.0.1/stm32cubeide/plugins/com.st.stm32cube.ide.mcu.externaltools.gnu-tools-for-stm32.7-2018-q2-update.win32_1.0.0.201904181610/tools/bin/../lib/gcc/arm-none-eabi/7.3.1/../../../../arm-none-eabi/lib/thumb/v7e-m/fpv4-sp/hard\libc_nano.a(lib_a-memset.o)
                              c:/st/stm32cubeide_1.0.1/stm32cubeide/plugins/com.st.stm32cube.ide.mcu.externaltools.gnu-tools-for-stm32.7-2018-q2-update.win32_1.0.0.201904181610/tools/bin/../lib/gcc/arm-none-eabi/7.3.1/../../../../arm-none-eabi/lib/thumb/v7e-m/fpv4-sp/hard/crt0.o (memset)
c:/st/stm32cubeide_1.0.1/stm32cubeide/plugins/com.st.stm32cube.ide.mcu.externaltools.gnu-tools-for-stm32.7-2018-q2-update.win32_1.0.0.201904181610/tools/bin/../lib/gcc/arm-none-eabi/7.3.1/thumb/v7e-m/fpv4-sp/hard\libgcc.a(_aeabi_uldivmod.o)
                              Drivers/STM32F4xx_HAL_Driver/Src/stm32f4xx_hal_rcc.o (__aeabi_uldivmod)
c:/st/stm32cubeide_1.0.1/stm32cubeide/plugins/com.st.stm32cube.ide.mcu.externaltools.gnu-tools-for-stm32.7-2018-q2-update.win32_1.0.0.201904181610/tools/bin/../lib/gcc/arm-none-eabi/7.3.1/thumb/v7e-m/fpv4-sp/hard\libgcc.a(_udivmoddi4.o)
                              c:/st/stm32cubeide_1.0.1/stm32cubeide/plugins/com.st.stm32cube.ide.mcu.externaltools.gnu-tools-for-stm32.7-2018-q2-update.win32_1.0.0.201904181610/tools/bin/../lib/gcc/arm-none-eabi/7.3.1/thumb/v7e-m/fpv4-sp/hard\libgcc.a(_aeabi_uldivmod.o) (__udivmoddi4)
c:/st/stm32cubeide_1.0.1/stm32cubeide/plugins/com.st.stm32cube.ide.mcu.externaltools.gnu-tools-for-stm32.7-2018-q2-update.win32_1.0.0.201904181610/tools/bin/../lib/gcc/arm-none-eabi/7.3.1/thumb/v7e-m/fpv4-sp/hard\libgcc.a(_dvmd_tls.o)
                              c:/st/stm32cubeide_1.0.1/stm32cubeide/plugins/com.st.stm32cube.ide.mcu.externaltools.gnu-tools-for-stm32.7-2018-q2-update.win32_1.0.0.201904181610/tools/bin/../lib/gcc/arm-none-eabi/7.3.1/thumb/v7e-m/fpv4-sp/hard\libgcc.a(_aeabi_uldivmod.o) (__aeabi_ldiv0)

Allocating common symbols
Common symbol       size              file

error_page          0x4               Src/main.o
huart3              0x40              Src/main.o
hpcd_USB_OTG_FS     0x408             Src/main.o
flash_addr          0x4               Src/main.o
uwTick              0x4               Drivers/STM32F4xx_HAL_Driver/Src/stm32f4xx_hal.o
pFlash              0x20              Drivers/STM32F4xx_HAL_Driver/Src/stm32f4xx_hal_flash.o
prog_addr           0x4               Src/main.o
uart_buf            0x1e              Src/main.o
i                   0x4               Src/main.o
heth                0x48              Src/main.o

Discarded input sections

 .text          0x0000000000000000        0x0 c:/st/stm32cubeide_1.0.1/stm32cubeide/plugins/com.st.stm32cube.ide.mcu.externaltools.gnu-tools-for-stm32.7-2018-q2-update.win32_1.0.0.201904181610/tools/bin/../lib/gcc/arm-none-eabi/7.3.1/thumb/v7e-m/fpv4-sp/hard/crti.o
[...]
Memory Configuration

Name             Origin             Length             Attributes
FLASH            0x0000000008000000 0x0000000000200000 xr
CCMRAM           0x0000000010000000 0x0000000000010000 xrw
RAM              0x0000000020000000 0x0000000000030000 xrw
*default*        0x0000000000000000 0xffffffffffffffff

Linker script and memory map

LOAD c:/st/stm32cubeide_1.0.1/stm32cubeide/plugins/com.st.stm32cube.ide.mcu.externaltools.gnu-tools-for-stm32.7-2018-q2-update.win32_1.0.0.201904181610/tools/bin/../lib/gcc/arm-none-eabi/7.3.1/thumb/v7e-m/fpv4-sp/hard/crti.o
LOAD c:/st/stm32cubeide_1.0.1/stm32cubeide/plugins/com.st.stm32cube.ide.mcu.externaltools.gnu-tools-for-stm32.7-2018-q2-update.win32_1.0.0.201904181610/tools/bin/../lib/gcc/arm-none-eabi/7.3.1/thumb/v7e-m/fpv4-sp/hard/crtbegin.o
LOAD c:/st/stm32cubeide_1.0.1/stm32cubeide/plugins/com.st.stm32cube.ide.mcu.externaltools.gnu-tools-for-stm32.7-2018-q2-update.win32_1.0.0.201904181610/tools/bin/../lib/gcc/arm-none-eabi/7.3.1/../../../../arm-none-eabi/lib/thumb/v7e-m/fpv4-sp/hard/crt0.o
LOAD Drivers/STM32F4xx_HAL_Driver/Src/stm32f4xx_hal.o
LOAD Drivers/STM32F4xx_HAL_Driver/Src/stm32f4xx_hal_cortex.o
LOAD Drivers/STM32F4xx_HAL_Driver/Src/stm32f4xx_hal_dma.o
LOAD Drivers/STM32F4xx_HAL_Driver/Src/stm32f4xx_hal_dma_ex.o
LOAD Drivers/STM32F4xx_HAL_Driver/Src/stm32f4xx_hal_eth.o
LOAD Drivers/STM32F4xx_HAL_Driver/Src/stm32f4xx_hal_exti.o
LOAD Drivers/STM32F4xx_HAL_Driver/Src/stm32f4xx_hal_flash.o
LOAD Drivers/STM32F4xx_HAL_Driver/Src/stm32f4xx_hal_flash_ex.o
LOAD Drivers/STM32F4xx_HAL_Driver/Src/stm32f4xx_hal_flash_ramfunc.o
LOAD Drivers/STM32F4xx_HAL_Driver/Src/stm32f4xx_hal_gpio.o
LOAD Drivers/STM32F4xx_HAL_Driver/Src/stm32f4xx_hal_pcd.o
LOAD Drivers/STM32F4xx_HAL_Driver/Src/stm32f4xx_hal_pcd_ex.o
LOAD Drivers/STM32F4xx_HAL_Driver/Src/stm32f4xx_hal_pwr.o
LOAD Drivers/STM32F4xx_HAL_Driver/Src/stm32f4xx_hal_pwr_ex.o
LOAD Drivers/STM32F4xx_HAL_Driver/Src/stm32f4xx_hal_rcc.o
LOAD Drivers/STM32F4xx_HAL_Driver/Src/stm32f4xx_hal_rcc_ex.o
LOAD Drivers/STM32F4xx_HAL_Driver/Src/stm32f4xx_hal_tim.o
LOAD Drivers/STM32F4xx_HAL_Driver/Src/stm32f4xx_hal_tim_ex.o
LOAD Drivers/STM32F4xx_HAL_Driver/Src/stm32f4xx_hal_uart.o
LOAD Drivers/STM32F4xx_HAL_Driver/Src/stm32f4xx_ll_usb.o
LOAD Src/main.o
LOAD Src/stm32f4xx_hal_msp.o
LOAD Src/stm32f4xx_it.o
LOAD Src/syscalls.o
LOAD Src/sysmem.o
LOAD Src/system_stm32f4xx.o
LOAD Startup/startup_stm32f429zitx.o
START GROUP
LOAD c:/st/stm32cubeide_1.0.1/stm32cubeide/plugins/com.st.stm32cube.ide.mcu.externaltools.gnu-tools-for-stm32.7-2018-q2-update.win32_1.0.0.201904181610/tools/bin/../lib/gcc/arm-none-eabi/7.3.1/../../../../arm-none-eabi/lib/thumb/v7e-m/fpv4-sp/hard\libc_nano.a
LOAD c:/st/stm32cubeide_1.0.1/stm32cubeide/plugins/com.st.stm32cube.ide.mcu.externaltools.gnu-tools-for-stm32.7-2018-q2-update.win32_1.0.0.201904181610/tools/bin/../lib/gcc/arm-none-eabi/7.3.1/../../../../arm-none-eabi/lib/thumb/v7e-m/fpv4-sp/hard\libm.a
END GROUP
START GROUP
LOAD c:/st/stm32cubeide_1.0.1/stm32cubeide/plugins/com.st.stm32cube.ide.mcu.externaltools.gnu-tools-for-stm32.7-2018-q2-update.win32_1.0.0.201904181610/tools/bin/../lib/gcc/arm-none-eabi/7.3.1/thumb/v7e-m/fpv4-sp/hard\libgcc.a
LOAD c:/st/stm32cubeide_1.0.1/stm32cubeide/plugins/com.st.stm32cube.ide.mcu.externaltools.gnu-tools-for-stm32.7-2018-q2-update.win32_1.0.0.201904181610/tools/bin/../lib/gcc/arm-none-eabi/7.3.1/../../../../arm-none-eabi/lib/thumb/v7e-m/fpv4-sp/hard\libc_nano.a
END GROUP
START GROUP
LOAD c:/st/stm32cubeide_1.0.1/stm32cubeide/plugins/com.st.stm32cube.ide.mcu.externaltools.gnu-tools-for-stm32.7-2018-q2-update.win32_1.0.0.201904181610/tools/bin/../lib/gcc/arm-none-eabi/7.3.1/thumb/v7e-m/fpv4-sp/hard\libgcc.a
LOAD c:/st/stm32cubeide_1.0.1/stm32cubeide/plugins/com.st.stm32cube.ide.mcu.externaltools.gnu-tools-for-stm32.7-2018-q2-update.win32_1.0.0.201904181610/tools/bin/../lib/gcc/arm-none-eabi/7.3.1/../../../../arm-none-eabi/lib/thumb/v7e-m/fpv4-sp/hard\libc_nano.a
LOAD c:/st/stm32cubeide_1.0.1/stm32cubeide/plugins/com.st.stm32cube.ide.mcu.externaltools.gnu-tools-for-stm32.7-2018-q2-update.win32_1.0.0.201904181610/tools/bin/../lib/gcc/arm-none-eabi/7.3.1/../../../../arm-none-eabi/lib/thumb/v7e-m/fpv4-sp/hard\libnosys.a
END GROUP
START GROUP
LOAD c:/st/stm32cubeide_1.0.1/stm32cubeide/plugins/com.st.stm32cube.ide.mcu.externaltools.gnu-tools-for-stm32.7-2018-q2-update.win32_1.0.0.201904181610/tools/bin/../lib/gcc/arm-none-eabi/7.3.1/thumb/v7e-m/fpv4-sp/hard\libgcc.a
LOAD c:/st/stm32cubeide_1.0.1/stm32cubeide/plugins/com.st.stm32cube.ide.mcu.externaltools.gnu-tools-for-stm32.7-2018-q2-update.win32_1.0.0.201904181610/tools/bin/../lib/gcc/arm-none-eabi/7.3.1/../../../../arm-none-eabi/lib/thumb/v7e-m/fpv4-sp/hard\libc_nano.a
LOAD c:/st/stm32cubeide_1.0.1/stm32cubeide/plugins/com.st.stm32cube.ide.mcu.externaltools.gnu-tools-for-stm32.7-2018-q2-update.win32_1.0.0.201904181610/tools/bin/../lib/gcc/arm-none-eabi/7.3.1/../../../../arm-none-eabi/lib/thumb/v7e-m/fpv4-sp/hard\libnosys.a
END GROUP
LOAD c:/st/stm32cubeide_1.0.1/stm32cubeide/plugins/com.st.stm32cube.ide.mcu.externaltools.gnu-tools-for-stm32.7-2018-q2-update.win32_1.0.0.201904181610/tools/bin/../lib/gcc/arm-none-eabi/7.3.1/thumb/v7e-m/fpv4-sp/hard/crtend.o
LOAD c:/st/stm32cubeide_1.0.1/stm32cubeide/plugins/com.st.stm32cube.ide.mcu.externaltools.gnu-tools-for-stm32.7-2018-q2-update.win32_1.0.0.201904181610/tools/bin/../lib/gcc/arm-none-eabi/7.3.1/thumb/v7e-m/fpv4-sp/hard/crtn.o
                0x0000000020030000                _estack = 0x20030000
                0x0000000000000200                _Min_Heap_Size = 0x200
                0x0000000000000400                _Min_Stack_Size = 0x400

.isr_vector     0x0000000008000000      0x1ac
                0x0000000008000000                . = ALIGN (0x4)
 *(.isr_vector)
 .isr_vector    0x0000000008000000      0x1ac Startup/startup_stm32f429zitx.o
                0x0000000008000000                g_pfnVectors
                0x00000000080001ac                . = ALIGN (0x4)

.text           0x00000000080001b0     0x3e98
                0x00000000080001b0                . = ALIGN (0x4)
 *(.text)
 .text          0x00000000080001b0       0x40 c:/st/stm32cubeide_1.0.1/stm32cubeide/plugins/com.st.stm32cube.ide.mcu.externaltools.gnu-tools-for-stm32.7-2018-q2-update.win32_1.0.0.201904181610/tools/bin/../lib/gcc/arm-none-eabi/7.3.1/thumb/v7e-m/fpv4-sp/hard/crtbegin.o
 .text          0x00000000080001f0       0x30 c:/st/stm32cubeide_1.0.1/stm32cubeide/plugins/com.st.stm32cube.ide.mcu.externaltools.gnu-tools-for-stm32.7-2018-q2-update.win32_1.0.0.201904181610/tools/bin/../lib/gcc/arm-none-eabi/7.3.1/thumb/v7e-m/fpv4-sp/hard\libgcc.a(_aeabi_uldivmod.o)
                0x00000000080001f0                __aeabi_uldivmod
 .text          0x0000000008000220      0x2cc c:/st/stm32cubeide_1.0.1/stm32cubeide/plugins/com.st.stm32cube.ide.mcu.externaltools.gnu-tools-for-stm32.7-2018-q2-update.win32_1.0.0.201904181610/tools/bin/../lib/gcc/arm-none-eabi/7.3.1/thumb/v7e-m/fpv4-sp/hard\libgcc.a(_udivmoddi4.o)
                0x0000000008000220                __udivmoddi4
 .text          0x00000000080004ec        0x4 c:/st/stm32cubeide_1.0.1/stm32cubeide/plugins/com.st.stm32cube.ide.mcu.externaltools.gnu-tools-for-stm32.7-2018-q2-update.win32_1.0.0.201904181610/tools/bin/../lib/gcc/arm-none-eabi/7.3.1/thumb/v7e-m/fpv4-sp/hard\libgcc.a(_dvmd_tls.o)
                0x00000000080004ec                __aeabi_idiv0
                0x00000000080004ec                __aeabi_ldiv0
 *(.text*)
 .text.HAL_Init
                0x00000000080004f0       0x44 Drivers/STM32F4xx_HAL_Driver/Src/stm32f4xx_hal.o
                0x00000000080004f0                HAL_Init
 .text.HAL_InitTick
                0x0000000008000534       0x60 Drivers/STM32F4xx_HAL_Driver/Src/stm32f4xx_hal.o
                0x0000000008000534                HAL_InitTick
 .text.HAL_IncTick
                0x0000000008000594       0x28 Drivers/STM32F4xx_HAL_Driver/Src/stm32f4xx_hal.o
                0x0000000008000594                HAL_IncTick
 .text.HAL_GetTick
                0x00000000080005bc       0x18 Drivers/STM32F4xx_HAL_Driver/Src/stm32f4xx_hal.o
                0x00000000080005bc                HAL_GetTick
 .text.HAL_Delay
                0x00000000080005d4       0x44 Drivers/STM32F4xx_HAL_Driver/Src/stm32f4xx_hal.o
                0x00000000080005d4                HAL_Delay
 .text.__NVIC_SetPriorityGrouping
                0x0000000008000618       0x48 Drivers/STM32F4xx_HAL_Driver/Src/stm32f4xx_hal_cortex.o
 .text.__NVIC_GetPriorityGrouping
                0x0000000008000660       0x1c Drivers/STM32F4xx_HAL_Driver/Src/stm32f4xx_hal_cortex.o
 .text.__NVIC_EnableIRQ
                0x000000000800067c       0x3c Drivers/STM32F4xx_HAL_Driver/Src/stm32f4xx_hal_cortex.o
 .text.__NVIC_SetPriority
                0x00000000080006b8       0x54 Drivers/STM32F4xx_HAL_Driver/Src/stm32f4xx_hal_cortex.o
 .text.NVIC_EncodePriority
                0x000000000800070c       0x66 Drivers/STM32F4xx_HAL_Driver/Src/stm32f4xx_hal_cortex.o
 *fill*         0x0000000008000772        0x2 
 .text.SysTick_Config
                0x0000000008000774       0x44 Drivers/STM32F4xx_HAL_Driver/Src/stm32f4xx_hal_cortex.o
 .text.HAL_NVIC_SetPriorityGrouping
                0x00000000080007b8       0x16 Drivers/STM32F4xx_HAL_Driver/Src/stm32f4xx_hal_cortex.o
                0x00000000080007b8                HAL_NVIC_SetPriorityGrouping
 .text.HAL_NVIC_SetPriority
                0x00000000080007ce       0x38 Drivers/STM32F4xx_HAL_Driver/Src/stm32f4xx_hal_cortex.o
                0x00000000080007ce                HAL_NVIC_SetPriority
 .text.HAL_NVIC_EnableIRQ
                0x0000000008000806       0x1c Drivers/STM32F4xx_HAL_Driver/Src/stm32f4xx_hal_cortex.o
                0x0000000008000806                HAL_NVIC_EnableIRQ
 .text.HAL_SYSTICK_Config
                0x0000000008000822       0x18 Drivers/STM32F4xx_HAL_Driver/Src/stm32f4xx_hal_cortex.o
                0x0000000008000822                HAL_SYSTICK_Config
 .text.HAL_DMA_Abort_IT
                0x000000000800083a       0x44 Drivers/STM32F4xx_HAL_Driver/Src/stm32f4xx_hal_dma.o
                0x000000000800083a                HAL_DMA_Abort_IT
 *fill*         0x000000000800087e        0x2 
 .text.HAL_ETH_Init
                0x0000000008000880      0x33c Drivers/STM32F4xx_HAL_Driver/Src/stm32f4xx_hal_eth.o
                0x0000000008000880                HAL_ETH_Init
 .text.HAL_ETH_ReadPHYRegister
                0x0000000008000bbc       0xd0 Drivers/STM32F4xx_HAL_Driver/Src/stm32f4xx_hal_eth.o
                0x0000000008000bbc                HAL_ETH_ReadPHYRegister
 .text.HAL_ETH_WritePHYRegister
                0x0000000008000c8c       0xcc Drivers/STM32F4xx_HAL_Driver/Src/stm32f4xx_hal_eth.o
                0x0000000008000c8c                HAL_ETH_WritePHYRegister
 .text.ETH_MACDMAConfig
                0x0000000008000d58      0x394 Drivers/STM32F4xx_HAL_Driver/Src/stm32f4xx_hal_eth.o
 .text.ETH_MACAddressConfig
                0x00000000080010ec       0x70 Drivers/STM32F4xx_HAL_Driver/Src/stm32f4xx_hal_eth.o
 .text.HAL_FLASH_Program
                0x000000000800115c       0xa8 Drivers/STM32F4xx_HAL_Driver/Src/stm32f4xx_hal_flash.o
                0x000000000800115c                HAL_FLASH_Program
 .text.HAL_FLASH_Unlock
                0x0000000008001204       0x44 Drivers/STM32F4xx_HAL_Driver/Src/stm32f4xx_hal_flash.o
                0x0000000008001204                HAL_FLASH_Unlock
 .text.HAL_FLASH_Lock
                0x0000000008001248       0x20 Drivers/STM32F4xx_HAL_Driver/Src/stm32f4xx_hal_flash.o
                0x0000000008001248                HAL_FLASH_Lock
 .text.FLASH_WaitForLastOperation
                0x0000000008001268       0x80 Drivers/STM32F4xx_HAL_Driver/Src/stm32f4xx_hal_flash.o
                0x0000000008001268                FLASH_WaitForLastOperation
 .text.FLASH_Program_DoubleWord
                0x00000000080012e8       0x5c Drivers/STM32F4xx_HAL_Driver/Src/stm32f4xx_hal_flash.o
 .text.FLASH_Program_Word
                0x0000000008001344       0x44 Drivers/STM32F4xx_HAL_Driver/Src/stm32f4xx_hal_flash.o
 .text.FLASH_Program_HalfWord
                0x0000000008001388       0x48 Drivers/STM32F4xx_HAL_Driver/Src/stm32f4xx_hal_flash.o
 .text.FLASH_Program_Byte
                0x00000000080013d0       0x44 Drivers/STM32F4xx_HAL_Driver/Src/stm32f4xx_hal_flash.o
 .text.FLASH_SetErrorCode
                0x0000000008001414       0xcc Drivers/STM32F4xx_HAL_Driver/Src/stm32f4xx_hal_flash.o
 .text.HAL_FLASHEx_Erase
                0x00000000080014e0       0xe4 Drivers/STM32F4xx_HAL_Driver/Src/stm32f4xx_hal_flash_ex.o
                0x00000000080014e0                HAL_FLASHEx_Erase
 .text.FLASH_MassErase
                0x00000000080015c4       0x74 Drivers/STM32F4xx_HAL_Driver/Src/stm32f4xx_hal_flash_ex.o
 .text.FLASH_Erase_Sector
                0x0000000008001638       0x9c Drivers/STM32F4xx_HAL_Driver/Src/stm32f4xx_hal_flash_ex.o
                0x0000000008001638                FLASH_Erase_Sector
 .text.FLASH_FlushCaches
                0x00000000080016d4       0x8c Drivers/STM32F4xx_HAL_Driver/Src/stm32f4xx_hal_flash_ex.o
                0x00000000080016d4                FLASH_FlushCaches
 .text.HAL_GPIO_Init
                0x0000000008001760      0x354 Drivers/STM32F4xx_HAL_Driver/Src/stm32f4xx_hal_gpio.o
                0x0000000008001760                HAL_GPIO_Init
 .text.HAL_GPIO_WritePin
                0x0000000008001ab4       0x32 Drivers/STM32F4xx_HAL_Driver/Src/stm32f4xx_hal_gpio.o
                0x0000000008001ab4                HAL_GPIO_WritePin
 .text.HAL_PCD_Init
                0x0000000008001ae6      0x23a Drivers/STM32F4xx_HAL_Driver/Src/stm32f4xx_hal_pcd.o
                0x0000000008001ae6                HAL_PCD_Init
 .text.HAL_RCC_OscConfig
                0x0000000008001d20      0x484 Drivers/STM32F4xx_HAL_Driver/Src/stm32f4xx_hal_rcc.o
                0x0000000008001d20                HAL_RCC_OscConfig
 .text.HAL_RCC_ClockConfig
                0x00000000080021a4      0x1c4 Drivers/STM32F4xx_HAL_Driver/Src/stm32f4xx_hal_rcc.o
                0x00000000080021a4                HAL_RCC_ClockConfig
 .text.HAL_RCC_GetSysClockFreq
                0x0000000008002368      0x1b0 Drivers/STM32F4xx_HAL_Driver/Src/stm32f4xx_hal_rcc.o
                0x0000000008002368                HAL_RCC_GetSysClockFreq
 .text.HAL_RCC_GetHCLKFreq
                0x0000000008002518       0x18 Drivers/STM32F4xx_HAL_Driver/Src/stm32f4xx_hal_rcc.o
                0x0000000008002518                HAL_RCC_GetHCLKFreq
 .text.HAL_RCC_GetPCLK1Freq
                0x0000000008002530       0x28 Drivers/STM32F4xx_HAL_Driver/Src/stm32f4xx_hal_rcc.o
                0x0000000008002530                HAL_RCC_GetPCLK1Freq
 .text.HAL_RCC_GetPCLK2Freq
                0x0000000008002558       0x28 Drivers/STM32F4xx_HAL_Driver/Src/stm32f4xx_hal_rcc.o
                0x0000000008002558                HAL_RCC_GetPCLK2Freq
 .text.HAL_UART_Init
                0x0000000008002580       0x9a Drivers/STM32F4xx_HAL_Driver/Src/stm32f4xx_hal_uart.o
                0x0000000008002580                HAL_UART_Init
 .text.HAL_UART_Transmit_IT
                0x000000000800261a       0x8a Drivers/STM32F4xx_HAL_Driver/Src/stm32f4xx_hal_uart.o
                0x000000000800261a                HAL_UART_Transmit_IT
 .text.HAL_UART_IRQHandler
                0x00000000080026a4      0x1f8 Drivers/STM32F4xx_HAL_Driver/Src/stm32f4xx_hal_uart.o
                0x00000000080026a4                HAL_UART_IRQHandler
 .text.HAL_UART_TxCpltCallback
                0x000000000800289c       0x14 Drivers/STM32F4xx_HAL_Driver/Src/stm32f4xx_hal_uart.o
                0x000000000800289c                HAL_UART_TxCpltCallback
 .text.HAL_UART_RxCpltCallback
                0x00000000080028b0       0x14 Drivers/STM32F4xx_HAL_Driver/Src/stm32f4xx_hal_uart.o
                0x00000000080028b0                HAL_UART_RxCpltCallback
 .text.HAL_UART_ErrorCallback
                0x00000000080028c4       0x14 Drivers/STM32F4xx_HAL_Driver/Src/stm32f4xx_hal_uart.o
                0x00000000080028c4                HAL_UART_ErrorCallback
 .text.UART_EndRxTransfer
                0x00000000080028d8       0x3c Drivers/STM32F4xx_HAL_Driver/Src/stm32f4xx_hal_uart.o
 .text.UART_DMAAbortOnError
                0x0000000008002914       0x28 Drivers/STM32F4xx_HAL_Driver/Src/stm32f4xx_hal_uart.o
 .text.UART_Transmit_IT
                0x000000000800293c       0xac Drivers/STM32F4xx_HAL_Driver/Src/stm32f4xx_hal_uart.o
 .text.UART_EndTransmit_IT
                0x00000000080029e8       0x30 Drivers/STM32F4xx_HAL_Driver/Src/stm32f4xx_hal_uart.o
 .text.UART_Receive_IT
                0x0000000008002a18      0x102 Drivers/STM32F4xx_HAL_Driver/Src/stm32f4xx_hal_uart.o
 *fill*         0x0000000008002b1a        0x2 
 .text.UART_SetConfig
                0x0000000008002b1c      0x414 Drivers/STM32F4xx_HAL_Driver/Src/stm32f4xx_hal_uart.o
 .text.USB_CoreInit
                0x0000000008002f30       0xc2 Drivers/STM32F4xx_HAL_Driver/Src/stm32f4xx_ll_usb.o
                0x0000000008002f30                USB_CoreInit
 .text.USB_DisableGlobalInt
                0x0000000008002ff2       0x22 Drivers/STM32F4xx_HAL_Driver/Src/stm32f4xx_ll_usb.o
                0x0000000008002ff2                USB_DisableGlobalInt
 .text.USB_SetCurrentMode
                0x0000000008003014       0x54 Drivers/STM32F4xx_HAL_Driver/Src/stm32f4xx_ll_usb.o
                0x0000000008003014                USB_SetCurrentMode
 .text.USB_DevInit
                0x0000000008003068      0x2e4 Drivers/STM32F4xx_HAL_Driver/Src/stm32f4xx_ll_usb.o
                0x0000000008003068                USB_DevInit
 .text.USB_FlushTxFifo
                0x000000000800334c       0x4c Drivers/STM32F4xx_HAL_Driver/Src/stm32f4xx_ll_usb.o
                0x000000000800334c                USB_FlushTxFifo
 .text.USB_FlushRxFifo
                0x0000000008003398       0x44 Drivers/STM32F4xx_HAL_Driver/Src/stm32f4xx_ll_usb.o
                0x0000000008003398                USB_FlushRxFifo
 .text.USB_SetDevSpeed
                0x00000000080033dc       0x32 Drivers/STM32F4xx_HAL_Driver/Src/stm32f4xx_ll_usb.o
                0x00000000080033dc                USB_SetDevSpeed
 .text.USB_DevDisconnect
                0x000000000800340e       0x30 Drivers/STM32F4xx_HAL_Driver/Src/stm32f4xx_ll_usb.o
                0x000000000800340e                USB_DevDisconnect
 *fill*         0x000000000800343e        0x2 
 .text.USB_CoreReset
                0x0000000008003440       0x68 Drivers/STM32F4xx_HAL_Driver/Src/stm32f4xx_ll_usb.o
 .text.main     0x00000000080034a8      0x224 Src/main.o
                0x00000000080034a8                main
 .text.SystemClock_Config
                0x00000000080036cc       0xd4 Src/main.o
                0x00000000080036cc                SystemClock_Config
 .text.GetSector
                0x00000000080037a0       0xd4 Src/main.o
 .text.GetSectorSize
                0x0000000008003874       0x4e Src/main.o
 *fill*         0x00000000080038c2        0x2 
 .text.MX_ETH_Init
                0x00000000080038c4       0x6c Src/main.o
 .text.MX_USART3_UART_Init
                0x0000000008003930       0x54 Src/main.o
 .text.MX_USB_OTG_FS_PCD_Init
                0x0000000008003984       0x5c Src/main.o
 .text.MX_GPIO_Init
                0x00000000080039e0      0x188 Src/main.o
 .text.Error_Handler
                0x0000000008003b68        0xe Src/main.o
                0x0000000008003b68                Error_Handler
 *fill*         0x0000000008003b76        0x2 
 .text.HAL_MspInit
                0x0000000008003b78       0x50 Src/stm32f4xx_hal_msp.o
                0x0000000008003b78                HAL_MspInit
 .text.HAL_ETH_MspInit
                0x0000000008003bc8      0x18c Src/stm32f4xx_hal_msp.o
                0x0000000008003bc8                HAL_ETH_MspInit
 .text.HAL_UART_MspInit
                0x0000000008003d54       0xa0 Src/stm32f4xx_hal_msp.o
                0x0000000008003d54                HAL_UART_MspInit
 .text.HAL_PCD_MspInit
                0x0000000008003df4       0xb4 Src/stm32f4xx_hal_msp.o
                0x0000000008003df4                HAL_PCD_MspInit
 .text.NMI_Handler
                0x0000000008003ea8        0xe Src/stm32f4xx_it.o
                0x0000000008003ea8                NMI_Handler
 .text.HardFault_Handler
                0x0000000008003eb6        0x6 Src/stm32f4xx_it.o
                0x0000000008003eb6                HardFault_Handler
 .text.MemManage_Handler
                0x0000000008003ebc        0x6 Src/stm32f4xx_it.o
                0x0000000008003ebc                MemManage_Handler
 .text.BusFault_Handler
                0x0000000008003ec2        0x6 Src/stm32f4xx_it.o
                0x0000000008003ec2                BusFault_Handler
 .text.UsageFault_Handler
                0x0000000008003ec8        0x6 Src/stm32f4xx_it.o
                0x0000000008003ec8                UsageFault_Handler
 .text.SVC_Handler
                0x0000000008003ece        0xe Src/stm32f4xx_it.o
                0x0000000008003ece                SVC_Handler
 .text.DebugMon_Handler
                0x0000000008003edc        0xe Src/stm32f4xx_it.o
                0x0000000008003edc                DebugMon_Handler
 .text.PendSV_Handler
                0x0000000008003eea        0xe Src/stm32f4xx_it.o
                0x0000000008003eea                PendSV_Handler
 .text.SysTick_Handler
                0x0000000008003ef8        0xc Src/stm32f4xx_it.o
                0x0000000008003ef8                SysTick_Handler
 .text.USART3_IRQHandler
                0x0000000008003f04       0x14 Src/stm32f4xx_it.o
                0x0000000008003f04                USART3_IRQHandler
 .text.SystemInit
                0x0000000008003f18       0x6c Src/system_stm32f4xx.o
                0x0000000008003f18                SystemInit
 .text.Reset_Handler
                0x0000000008003f84       0x50 Startup/startup_stm32f429zitx.o
                0x0000000008003f84                Reset_Handler
 .text.Default_Handler
                0x0000000008003fd4        0x2 Startup/startup_stm32f429zitx.o
                0x0000000008003fd4                RTC_Alarm_IRQHandler
                0x0000000008003fd4                HASH_RNG_IRQHandler
                0x0000000008003fd4                EXTI2_IRQHandler
                0x0000000008003fd4                TIM8_CC_IRQHandler
                0x0000000008003fd4                UART8_IRQHandler
                0x0000000008003fd4                SPI4_IRQHandler
                0x0000000008003fd4                TIM1_CC_IRQHandler
                0x0000000008003fd4                DMA2_Stream5_IRQHandler
                0x0000000008003fd4                DMA1_Stream5_IRQHandler
                0x0000000008003fd4                PVD_IRQHandler
                0x0000000008003fd4                SDIO_IRQHandler
                0x0000000008003fd4                TAMP_STAMP_IRQHandler
                0x0000000008003fd4                CAN2_RX1_IRQHandler
                0x0000000008003fd4                EXTI3_IRQHandler
                0x0000000008003fd4                TIM8_TRG_COM_TIM14_IRQHandler
                0x0000000008003fd4                TIM1_UP_TIM10_IRQHandler
                0x0000000008003fd4                TIM8_UP_TIM13_IRQHandler
                0x0000000008003fd4                I2C3_ER_IRQHandler
                0x0000000008003fd4                EXTI0_IRQHandler
                0x0000000008003fd4                I2C2_EV_IRQHandler
                0x0000000008003fd4                DMA1_Stream2_IRQHandler
                0x0000000008003fd4                CAN1_RX0_IRQHandler
                0x0000000008003fd4                FPU_IRQHandler
                0x0000000008003fd4                OTG_HS_WKUP_IRQHandler
                0x0000000008003fd4                LTDC_ER_IRQHandler
                0x0000000008003fd4                CAN2_SCE_IRQHandler
                0x0000000008003fd4                DMA2_Stream2_IRQHandler
                0x0000000008003fd4                SPI1_IRQHandler
                0x0000000008003fd4                TIM6_DAC_IRQHandler
                0x0000000008003fd4                TIM1_BRK_TIM9_IRQHandler
                0x0000000008003fd4                DCMI_IRQHandler
                0x0000000008003fd4                CAN2_RX0_IRQHandler
                0x0000000008003fd4                DMA2_Stream3_IRQHandler
                0x0000000008003fd4                USART6_IRQHandler
                0x0000000008003fd4                CAN1_RX1_IRQHandler
                0x0000000008003fd4                UART5_IRQHandler
                0x0000000008003fd4                DMA2_Stream0_IRQHandler
                0x0000000008003fd4                TIM4_IRQHandler
                0x0000000008003fd4                I2C1_EV_IRQHandler
                0x0000000008003fd4                DMA1_Stream6_IRQHandler
                0x0000000008003fd4                DMA1_Stream1_IRQHandler
                0x0000000008003fd4                UART4_IRQHandler
                0x0000000008003fd4                TIM3_IRQHandler
                0x0000000008003fd4                RCC_IRQHandler
                0x0000000008003fd4                TIM8_BRK_TIM12_IRQHandler
                0x0000000008003fd4                Default_Handler
                0x0000000008003fd4                EXTI15_10_IRQHandler
                0x0000000008003fd4                ADC_IRQHandler
                0x0000000008003fd4                DMA1_Stream7_IRQHandler
                0x0000000008003fd4                SPI5_IRQHandler
                0x0000000008003fd4                TIM7_IRQHandler
                0x0000000008003fd4                CAN2_TX_IRQHandler
                0x0000000008003fd4                TIM5_IRQHandler
                0x0000000008003fd4                DMA2_Stream7_IRQHandler
                0x0000000008003fd4                I2C3_EV_IRQHandler
                0x0000000008003fd4                EXTI9_5_IRQHandler
                0x0000000008003fd4                RTC_WKUP_IRQHandler
                0x0000000008003fd4                LTDC_IRQHandler
                0x0000000008003fd4                ETH_WKUP_IRQHandler
                0x0000000008003fd4                SPI2_IRQHandler
                0x0000000008003fd4                OTG_HS_EP1_IN_IRQHandler
                0x0000000008003fd4                DMA1_Stream0_IRQHandler
                0x0000000008003fd4                CAN1_TX_IRQHandler
                0x0000000008003fd4                EXTI4_IRQHandler
                0x0000000008003fd4                ETH_IRQHandler
                0x0000000008003fd4                OTG_HS_EP1_OUT_IRQHandler
                0x0000000008003fd4                WWDG_IRQHandler
                0x0000000008003fd4                SPI6_IRQHandler
                0x0000000008003fd4                TIM2_IRQHandler
                0x0000000008003fd4                OTG_FS_WKUP_IRQHandler
                0x0000000008003fd4                TIM1_TRG_COM_TIM11_IRQHandler
                0x0000000008003fd4                OTG_HS_IRQHandler
                0x0000000008003fd4                DMA2D_IRQHandler
                0x0000000008003fd4                EXTI1_IRQHandler
                0x0000000008003fd4                UART7_IRQHandler
                0x0000000008003fd4                USART2_IRQHandler
                0x0000000008003fd4                I2C2_ER_IRQHandler
                0x0000000008003fd4                DMA2_Stream1_IRQHandler
                0x0000000008003fd4                CAN1_SCE_IRQHandler
                0x0000000008003fd4                FLASH_IRQHandler
                0x0000000008003fd4                DMA2_Stream4_IRQHandler
                0x0000000008003fd4                USART1_IRQHandler
                0x0000000008003fd4                OTG_FS_IRQHandler
                0x0000000008003fd4                SPI3_IRQHandler
                0x0000000008003fd4                DMA1_Stream4_IRQHandler
                0x0000000008003fd4                I2C1_ER_IRQHandler
                0x0000000008003fd4                FMC_IRQHandler
                0x0000000008003fd4                DMA2_Stream6_IRQHandler
                0x0000000008003fd4                SAI1_IRQHandler
                0x0000000008003fd4                DMA1_Stream3_IRQHandler
 *fill*         0x0000000008003fd6        0x2 
 .text.__libc_init_array
                0x0000000008003fd8       0x48 c:/st/stm32cubeide_1.0.1/stm32cubeide/plugins/com.st.stm32cube.ide.mcu.externaltools.gnu-tools-for-stm32.7-2018-q2-update.win32_1.0.0.201904181610/tools/bin/../lib/gcc/arm-none-eabi/7.3.1/../../../../arm-none-eabi/lib/thumb/v7e-m/fpv4-sp/hard\libc_nano.a(lib_a-init.o)
                0x0000000008003fd8                __libc_init_array
 .text.memset   0x0000000008004020       0x10 c:/st/stm32cubeide_1.0.1/stm32cubeide/plugins/com.st.stm32cube.ide.mcu.externaltools.gnu-tools-for-stm32.7-2018-q2-update.win32_1.0.0.201904181610/tools/bin/../lib/gcc/arm-none-eabi/7.3.1/../../../../arm-none-eabi/lib/thumb/v7e-m/fpv4-sp/hard\libc_nano.a(lib_a-memset.o)
                0x0000000008004020                memset
 *(.glue_7)
 .glue_7        0x0000000008004030        0x0 linker stubs
 *(.glue_7t)
 .glue_7t       0x0000000008004030        0x0 linker stubs
 *(.eh_frame)
 .eh_frame      0x0000000008004030        0x0 c:/st/stm32cubeide_1.0.1/stm32cubeide/plugins/com.st.stm32cube.ide.mcu.externaltools.gnu-tools-for-stm32.7-2018-q2-update.win32_1.0.0.201904181610/tools/bin/../lib/gcc/arm-none-eabi/7.3.1/thumb/v7e-m/fpv4-sp/hard/crtbegin.o
 *(.init)
 .init          0x0000000008004030        0x4 c:/st/stm32cubeide_1.0.1/stm32cubeide/plugins/com.st.stm32cube.ide.mcu.externaltools.gnu-tools-for-stm32.7-2018-q2-update.win32_1.0.0.201904181610/tools/bin/../lib/gcc/arm-none-eabi/7.3.1/thumb/v7e-m/fpv4-sp/hard/crti.o
                0x0000000008004030                _init
 .init          0x0000000008004034        0x8 c:/st/stm32cubeide_1.0.1/stm32cubeide/plugins/com.st.stm32cube.ide.mcu.externaltools.gnu-tools-for-stm32.7-2018-q2-update.win32_1.0.0.201904181610/tools/bin/../lib/gcc/arm-none-eabi/7.3.1/thumb/v7e-m/fpv4-sp/hard/crtn.o
 *(.fini)
 .fini          0x000000000800403c        0x4 c:/st/stm32cubeide_1.0.1/stm32cubeide/plugins/com.st.stm32cube.ide.mcu.externaltools.gnu-tools-for-stm32.7-2018-q2-update.win32_1.0.0.201904181610/tools/bin/../lib/gcc/arm-none-eabi/7.3.1/thumb/v7e-m/fpv4-sp/hard/crti.o
                0x000000000800403c                _fini
 .fini          0x0000000008004040        0x8 c:/st/stm32cubeide_1.0.1/stm32cubeide/plugins/com.st.stm32cube.ide.mcu.externaltools.gnu-tools-for-stm32.7-2018-q2-update.win32_1.0.0.201904181610/tools/bin/../lib/gcc/arm-none-eabi/7.3.1/thumb/v7e-m/fpv4-sp/hard/crtn.o
                0x0000000008004048                . = ALIGN (0x4)
                0x0000000008004048                _etext = .

.vfp11_veneer   0x0000000008004048        0x0
 .vfp11_veneer  0x0000000008004048        0x0 linker stubs

.v4_bx          0x0000000008004048        0x0
 .v4_bx         0x0000000008004048        0x0 linker stubs

.iplt           0x0000000008004048        0x0
 .iplt          0x0000000008004048        0x0 c:/st/stm32cubeide_1.0.1/stm32cubeide/plugins/com.st.stm32cube.ide.mcu.externaltools.gnu-tools-for-stm32.7-2018-q2-update.win32_1.0.0.201904181610/tools/bin/../lib/gcc/arm-none-eabi/7.3.1/thumb/v7e-m/fpv4-sp/hard/crtbegin.o

.rodata         0x0000000008004048       0x78
                0x0000000008004048                . = ALIGN (0x4)
 *(.rodata)
 .rodata        0x0000000008004048       0x5d Src/main.o
 *(.rodata*)
 *fill*         0x00000000080040a5        0x3 
 .rodata.AHBPrescTable
                0x00000000080040a8       0x10 Src/system_stm32f4xx.o
                0x00000000080040a8                AHBPrescTable
 .rodata.APBPrescTable
                0x00000000080040b8        0x8 Src/system_stm32f4xx.o
                0x00000000080040b8                APBPrescTable
                0x00000000080040c0                . = ALIGN (0x4)

.ARM.extab      0x00000000080040c0        0x0
                0x00000000080040c0                . = ALIGN (0x4)
 *(.ARM.extab* .gnu.linkonce.armextab.*)
                0x00000000080040c0                . = ALIGN (0x4)

.ARM            0x00000000080040c0        0x8
                0x00000000080040c0                . = ALIGN (0x4)
                0x00000000080040c0                __exidx_start = .
 *(.ARM.exidx*)
 .ARM.exidx     0x00000000080040c0        0x8 c:/st/stm32cubeide_1.0.1/stm32cubeide/plugins/com.st.stm32cube.ide.mcu.externaltools.gnu-tools-for-stm32.7-2018-q2-update.win32_1.0.0.201904181610/tools/bin/../lib/gcc/arm-none-eabi/7.3.1/thumb/v7e-m/fpv4-sp/hard\libgcc.a(_udivmoddi4.o)
                0x00000000080040c8                __exidx_end = .
                0x00000000080040c8                . = ALIGN (0x4)

.rel.dyn        0x00000000080040c8        0x0
 .rel.iplt      0x00000000080040c8        0x0 c:/st/stm32cubeide_1.0.1/stm32cubeide/plugins/com.st.stm32cube.ide.mcu.externaltools.gnu-tools-for-stm32.7-2018-q2-update.win32_1.0.0.201904181610/tools/bin/../lib/gcc/arm-none-eabi/7.3.1/thumb/v7e-m/fpv4-sp/hard/crtbegin.o

.preinit_array  0x00000000080040c8        0x0
                0x00000000080040c8                . = ALIGN (0x4)
                0x00000000080040c8                PROVIDE (__preinit_array_start = .)
 *(.preinit_array*)
                0x00000000080040c8                PROVIDE (__preinit_array_end = .)
                0x00000000080040c8                . = ALIGN (0x4)

.init_array     0x00000000080040c8        0x4
                0x00000000080040c8                . = ALIGN (0x4)
                0x00000000080040c8                PROVIDE (__init_array_start = .)
 *(SORT_BY_NAME(.init_array.*))
 *(.init_array*)
 .init_array    0x00000000080040c8        0x4 c:/st/stm32cubeide_1.0.1/stm32cubeide/plugins/com.st.stm32cube.ide.mcu.externaltools.gnu-tools-for-stm32.7-2018-q2-update.win32_1.0.0.201904181610/tools/bin/../lib/gcc/arm-none-eabi/7.3.1/thumb/v7e-m/fpv4-sp/hard/crtbegin.o
                0x00000000080040cc                PROVIDE (__init_array_end = .)
                0x00000000080040cc                . = ALIGN (0x4)

.fini_array     0x00000000080040cc        0x4
                0x00000000080040cc                . = ALIGN (0x4)
                [!provide]                        PROVIDE (__fini_array_start = .)
 *(SORT_BY_NAME(.fini_array.*))
 *(.fini_array*)
 .fini_array    0x00000000080040cc        0x4 c:/st/stm32cubeide_1.0.1/stm32cubeide/plugins/com.st.stm32cube.ide.mcu.externaltools.gnu-tools-for-stm32.7-2018-q2-update.win32_1.0.0.201904181610/tools/bin/../lib/gcc/arm-none-eabi/7.3.1/thumb/v7e-m/fpv4-sp/hard/crtbegin.o
                [!provide]                        PROVIDE (__fini_array_end = .)
                0x00000000080040d0                . = ALIGN (0x4)
                0x00000000080040d0                _sidata = LOADADDR (.data)

.data           0x0000000020000000        0xc load address 0x00000000080040d0
                0x0000000020000000                . = ALIGN (0x4)
                0x0000000020000000                _sdata = .
 *(.data)
 *(.data*)
 .data.uwTickPrio
                0x0000000020000000        0x4 Drivers/STM32F4xx_HAL_Driver/Src/stm32f4xx_hal.o
                0x0000000020000000                uwTickPrio
 .data.uwTickFreq
                0x0000000020000004        0x1 Drivers/STM32F4xx_HAL_Driver/Src/stm32f4xx_hal.o
                0x0000000020000004                uwTickFreq
 *fill*         0x0000000020000005        0x3 
 .data.SystemCoreClock
                0x0000000020000008        0x4 Src/system_stm32f4xx.o
                0x0000000020000008                SystemCoreClock
                0x000000002000000c                . = ALIGN (0x4)
                0x000000002000000c                _edata = .

.igot.plt       0x000000002000000c        0x0 load address 0x00000000080040dc
 .igot.plt      0x000000002000000c        0x0 c:/st/stm32cubeide_1.0.1/stm32cubeide/plugins/com.st.stm32cube.ide.mcu.externaltools.gnu-tools-for-stm32.7-2018-q2-update.win32_1.0.0.201904181610/tools/bin/../lib/gcc/arm-none-eabi/7.3.1/thumb/v7e-m/fpv4-sp/hard/crtbegin.o
                0x000000002000000c                . = ALIGN (0x4)

.bss            0x000000002000000c      0x52c load address 0x00000000080040dc
                0x000000002000000c                _sbss = .
                0x000000002000000c                __bss_start__ = _sbss
 *(.bss)
 .bss           0x000000002000000c       0x1c c:/st/stm32cubeide_1.0.1/stm32cubeide/plugins/com.st.stm32cube.ide.mcu.externaltools.gnu-tools-for-stm32.7-2018-q2-update.win32_1.0.0.201904181610/tools/bin/../lib/gcc/arm-none-eabi/7.3.1/thumb/v7e-m/fpv4-sp/hard/crtbegin.o
 *(.bss*)
 .bss.FirstSector
                0x0000000020000028        0x4 Src/main.o
                0x0000000020000028                FirstSector
 .bss.NbOfSectors
                0x000000002000002c        0x4 Src/main.o
                0x000000002000002c                NbOfSectors
 .bss.Address   0x0000000020000030        0x4 Src/main.o
                0x0000000020000030                Address
 .bss.SECTORError
                0x0000000020000034        0x4 Src/main.o
                0x0000000020000034                SECTORError
 .bss.data32    0x0000000020000038        0x4 Src/main.o
                0x0000000020000038                data32
 .bss.MemoryProgramStatus
                0x000000002000003c        0x4 Src/main.o
                0x000000002000003c                MemoryProgramStatus
 .bss.EraseInitStruct
                0x0000000020000040       0x14 Src/main.o
 *(COMMON)
 COMMON         0x0000000020000054        0x4 Drivers/STM32F4xx_HAL_Driver/Src/stm32f4xx_hal.o
                0x0000000020000054                uwTick
 COMMON         0x0000000020000058       0x20 Drivers/STM32F4xx_HAL_Driver/Src/stm32f4xx_hal_flash.o
                0x0000000020000058                pFlash
 COMMON         0x0000000020000078      0x4c0 Src/main.o
                0x0000000020000078                error_page
                0x000000002000007c                huart3
                0x00000000200000bc                hpcd_USB_OTG_FS
                0x00000000200004c4                flash_addr
                0x00000000200004c8                prog_addr
                0x00000000200004cc                uart_buf
                0x00000000200004ec                i
                0x00000000200004f0                heth
                0x0000000020000538                . = ALIGN (0x4)
                0x0000000020000538                _ebss = .
                0x0000000020000538                __bss_end__ = _ebss

._user_heap_stack
                0x0000000020000538      0x600 load address 0x00000000080040dc
                0x0000000020000538                . = ALIGN (0x8)
                0x0000000020000538                PROVIDE (end = .)
                [!provide]                        PROVIDE (_end = .)
                0x0000000020000738                . = (. + _Min_Heap_Size)
 *fill*         0x0000000020000538      0x200 
                0x0000000020000b38                . = (. + _Min_Stack_Size)
 *fill*         0x0000000020000738      0x400 
                0x0000000020000b38                . = ALIGN (0x8)

/DISCARD/
 libc.a(*)
 libm.a(*)
 libgcc.a(*)

.ARM.attributes
                0x0000000000000000       0x30
 *(.ARM.attributes)
 .ARM.attributes
                0x0000000000000000       0x22 c:/st/stm32cubeide_1.0.1/stm32cubeide/plugins/com.st.stm32cube.ide.mcu.externaltools.gnu-tools-for-stm32.7-2018-q2-update.win32_1.0.0.201904181610/tools/bin/../lib/gcc/arm-none-eabi/7.3.1/thumb/v7e-m/fpv4-sp/hard/crti.o
 .ARM.attributes
                0x0000000000000022       0x34 c:/st/stm32cubeide_1.0.1/stm32cubeide/plugins/com.st.stm32cube.ide.mcu.externaltools.gnu-tools-for-stm32.7-2018-q2-update.win32_1.0.0.201904181610/tools/bin/../lib/gcc/arm-none-eabi/7.3.1/thumb/v7e-m/fpv4-sp/hard/crtbegin.o
 .ARM.attributes
                0x0000000000000056       0x39 Drivers/STM32F4xx_HAL_Driver/Src/stm32f4xx_hal.o
 .ARM.attributes
                0x000000000000008f       0x39 Drivers/STM32F4xx_HAL_Driver/Src/stm32f4xx_hal_cortex.o
 .ARM.attributes
                0x00000000000000c8       0x39 Drivers/STM32F4xx_HAL_Driver/Src/stm32f4xx_hal_dma.o
 .ARM.attributes
                0x0000000000000101       0x39 Drivers/STM32F4xx_HAL_Driver/Src/stm32f4xx_hal_eth.o
 .ARM.attributes
                0x000000000000013a       0x39 Drivers/STM32F4xx_HAL_Driver/Src/stm32f4xx_hal_flash.o
 .ARM.attributes
                0x0000000000000173       0x39 Drivers/STM32F4xx_HAL_Driver/Src/stm32f4xx_hal_flash_ex.o
 .ARM.attributes
                0x00000000000001ac       0x39 Drivers/STM32F4xx_HAL_Driver/Src/stm32f4xx_hal_gpio.o
 .ARM.attributes
                0x00000000000001e5       0x39 Drivers/STM32F4xx_HAL_Driver/Src/stm32f4xx_hal_pcd.o
 .ARM.attributes
                0x000000000000021e       0x39 Drivers/STM32F4xx_HAL_Driver/Src/stm32f4xx_hal_rcc.o
 .ARM.attributes
                0x0000000000000257       0x39 Drivers/STM32F4xx_HAL_Driver/Src/stm32f4xx_hal_uart.o
 .ARM.attributes
                0x0000000000000290       0x39 Drivers/STM32F4xx_HAL_Driver/Src/stm32f4xx_ll_usb.o
 .ARM.attributes
                0x00000000000002c9       0x39 Src/main.o
 .ARM.attributes
                0x0000000000000302       0x39 Src/stm32f4xx_hal_msp.o
 .ARM.attributes
                0x000000000000033b       0x39 Src/stm32f4xx_it.o
 .ARM.attributes
                0x0000000000000374       0x39 Src/system_stm32f4xx.o
 .ARM.attributes
                0x00000000000003ad       0x21 Startup/startup_stm32f429zitx.o
 .ARM.attributes
                0x00000000000003ce       0x34 c:/st/stm32cubeide_1.0.1/stm32cubeide/plugins/com.st.stm32cube.ide.mcu.externaltools.gnu-tools-for-stm32.7-2018-q2-update.win32_1.0.0.201904181610/tools/bin/../lib/gcc/arm-none-eabi/7.3.1/../../../../arm-none-eabi/lib/thumb/v7e-m/fpv4-sp/hard\libc_nano.a(lib_a-init.o)
 .ARM.attributes
                0x0000000000000402       0x34 c:/st/stm32cubeide_1.0.1/stm32cubeide/plugins/com.st.stm32cube.ide.mcu.externaltools.gnu-tools-for-stm32.7-2018-q2-update.win32_1.0.0.201904181610/tools/bin/../lib/gcc/arm-none-eabi/7.3.1/../../../../arm-none-eabi/lib/thumb/v7e-m/fpv4-sp/hard\libc_nano.a(lib_a-memset.o)
 .ARM.attributes
                0x0000000000000436       0x22 c:/st/stm32cubeide_1.0.1/stm32cubeide/plugins/com.st.stm32cube.ide.mcu.externaltools.gnu-tools-for-stm32.7-2018-q2-update.win32_1.0.0.201904181610/tools/bin/../lib/gcc/arm-none-eabi/7.3.1/thumb/v7e-m/fpv4-sp/hard\libgcc.a(_aeabi_uldivmod.o)
 .ARM.attributes
                0x0000000000000458       0x34 c:/st/stm32cubeide_1.0.1/stm32cubeide/plugins/com.st.stm32cube.ide.mcu.externaltools.gnu-tools-for-stm32.7-2018-q2-update.win32_1.0.0.201904181610/tools/bin/../lib/gcc/arm-none-eabi/7.3.1/thumb/v7e-m/fpv4-sp/hard\libgcc.a(_udivmoddi4.o)
 .ARM.attributes
                0x000000000000048c       0x22 c:/st/stm32cubeide_1.0.1/stm32cubeide/plugins/com.st.stm32cube.ide.mcu.externaltools.gnu-tools-for-stm32.7-2018-q2-update.win32_1.0.0.201904181610/tools/bin/../lib/gcc/arm-none-eabi/7.3.1/thumb/v7e-m/fpv4-sp/hard\libgcc.a(_dvmd_tls.o)
 .ARM.attributes
                0x00000000000004ae       0x22 c:/st/stm32cubeide_1.0.1/stm32cubeide/plugins/com.st.stm32cube.ide.mcu.externaltools.gnu-tools-for-stm32.7-2018-q2-update.win32_1.0.0.201904181610/tools/bin/../lib/gcc/arm-none-eabi/7.3.1/thumb/v7e-m/fpv4-sp/hard/crtn.o
OUTPUT(11_flash_read.elf elf32-littlearm)

.debug_info     0x0000000000000000     0xcace
 .debug_info    0x0000000000000000      0x995 Drivers/STM32F4xx_HAL_Driver/Src/stm32f4xx_hal.o
 .debug_info    0x0000000000000995      0xe0c Drivers/STM32F4xx_HAL_Driver/Src/stm32f4xx_hal_cortex.o
 .debug_info    0x00000000000017a1      0x916 Drivers/STM32F4xx_HAL_Driver/Src/stm32f4xx_hal_dma.o
 .debug_info    0x00000000000020b7     0x1472 Drivers/STM32F4xx_HAL_Driver/Src/stm32f4xx_hal_eth.o
 .debug_info    0x0000000000003529      0x5b3 Drivers/STM32F4xx_HAL_Driver/Src/stm32f4xx_hal_flash.o
 .debug_info    0x0000000000003adc      0x8e1 Drivers/STM32F4xx_HAL_Driver/Src/stm32f4xx_hal_flash_ex.o
 .debug_info    0x00000000000043bd      0x77d Drivers/STM32F4xx_HAL_Driver/Src/stm32f4xx_hal_gpio.o
 .debug_info    0x0000000000004b3a     0x10c2 Drivers/STM32F4xx_HAL_Driver/Src/stm32f4xx_hal_pcd.o
 .debug_info    0x0000000000005bfc      0x8be Drivers/STM32F4xx_HAL_Driver/Src/stm32f4xx_hal_rcc.o
 .debug_info    0x00000000000064ba     0x11d5 Drivers/STM32F4xx_HAL_Driver/Src/stm32f4xx_hal_uart.o
 .debug_info    0x000000000000768f     0x188b Drivers/STM32F4xx_HAL_Driver/Src/stm32f4xx_ll_usb.o
 .debug_info    0x0000000000008f1a     0x18dd Src/main.o
 .debug_info    0x000000000000a7f7     0x1766 Src/stm32f4xx_hal_msp.o
 .debug_info    0x000000000000bf5d      0x633 Src/stm32f4xx_it.o
 .debug_info    0x000000000000c590      0x51c Src/system_stm32f4xx.o
 .debug_info    0x000000000000caac       0x22 Startup/startup_stm32f429zitx.o

.debug_abbrev   0x0000000000000000     0x2014
 .debug_abbrev  0x0000000000000000      0x1cb Drivers/STM32F4xx_HAL_Driver/Src/stm32f4xx_hal.o
 .debug_abbrev  0x00000000000001cb      0x2fa Drivers/STM32F4xx_HAL_Driver/Src/stm32f4xx_hal_cortex.o
 .debug_abbrev  0x00000000000004c5      0x229 Drivers/STM32F4xx_HAL_Driver/Src/stm32f4xx_hal_dma.o
 .debug_abbrev  0x00000000000006ee      0x23e Drivers/STM32F4xx_HAL_Driver/Src/stm32f4xx_hal_eth.o
 .debug_abbrev  0x000000000000092c      0x244 Drivers/STM32F4xx_HAL_Driver/Src/stm32f4xx_hal_flash.o
 .debug_abbrev  0x0000000000000b70      0x256 Drivers/STM32F4xx_HAL_Driver/Src/stm32f4xx_hal_flash_ex.o
 .debug_abbrev  0x0000000000000dc6      0x1c9 Drivers/STM32F4xx_HAL_Driver/Src/stm32f4xx_hal_gpio.o
 .debug_abbrev  0x0000000000000f8f      0x266 Drivers/STM32F4xx_HAL_Driver/Src/stm32f4xx_hal_pcd.o
 .debug_abbrev  0x00000000000011f5      0x245 Drivers/STM32F4xx_HAL_Driver/Src/stm32f4xx_hal_rcc.o
 .debug_abbrev  0x000000000000143a      0x242 Drivers/STM32F4xx_HAL_Driver/Src/stm32f4xx_hal_uart.o
 .debug_abbrev  0x000000000000167c      0x26d Drivers/STM32F4xx_HAL_Driver/Src/stm32f4xx_ll_usb.o
 .debug_abbrev  0x00000000000018e9      0x2a0 Src/main.o
 .debug_abbrev  0x0000000000001b89      0x21f Src/stm32f4xx_hal_msp.o
 .debug_abbrev  0x0000000000001da8      0x149 Src/stm32f4xx_it.o
 .debug_abbrev  0x0000000000001ef1      0x111 Src/system_stm32f4xx.o
 .debug_abbrev  0x0000000000002002       0x12 Startup/startup_stm32f429zitx.o

.debug_aranges  0x0000000000000000      0xc18
 .debug_aranges
                0x0000000000000000      0x100 Drivers/STM32F4xx_HAL_Driver/Src/stm32f4xx_hal.o
 .debug_aranges
                0x0000000000000100      0x118 Drivers/STM32F4xx_HAL_Driver/Src/stm32f4xx_hal_cortex.o
 .debug_aranges
                0x0000000000000218       0x90 Drivers/STM32F4xx_HAL_Driver/Src/stm32f4xx_hal_dma.o
 .debug_aranges
                0x00000000000002a8      0x118 Drivers/STM32F4xx_HAL_Driver/Src/stm32f4xx_hal_eth.o
 .debug_aranges
                0x00000000000003c0       0xa0 Drivers/STM32F4xx_HAL_Driver/Src/stm32f4xx_hal_flash.o
 .debug_aranges
                0x0000000000000460       0xd8 Drivers/STM32F4xx_HAL_Driver/Src/stm32f4xx_hal_flash_ex.o
 .debug_aranges
                0x0000000000000538       0x58 Drivers/STM32F4xx_HAL_Driver/Src/stm32f4xx_hal_gpio.o
 .debug_aranges
                0x0000000000000590      0x130 Drivers/STM32F4xx_HAL_Driver/Src/stm32f4xx_hal_pcd.o
 .debug_aranges
                0x00000000000006c0       0x88 Drivers/STM32F4xx_HAL_Driver/Src/stm32f4xx_hal_rcc.o
 .debug_aranges
                0x0000000000000748      0x1d0 Drivers/STM32F4xx_HAL_Driver/Src/stm32f4xx_hal_uart.o
 .debug_aranges
                0x0000000000000918      0x198 Drivers/STM32F4xx_HAL_Driver/Src/stm32f4xx_ll_usb.o
 .debug_aranges
                0x0000000000000ab0       0x60 Src/main.o
 .debug_aranges
                0x0000000000000b10       0x50 Src/stm32f4xx_hal_msp.o
 .debug_aranges
                0x0000000000000b60       0x68 Src/stm32f4xx_it.o
 .debug_aranges
                0x0000000000000bc8       0x28 Src/system_stm32f4xx.o
 .debug_aranges
                0x0000000000000bf0       0x28 Startup/startup_stm32f429zitx.o

.debug_ranges   0x0000000000000000      0xb20
 .debug_ranges  0x0000000000000000       0xf0 Drivers/STM32F4xx_HAL_Driver/Src/stm32f4xx_hal.o
 .debug_ranges  0x00000000000000f0      0x108 Drivers/STM32F4xx_HAL_Driver/Src/stm32f4xx_hal_cortex.o
 .debug_ranges  0x00000000000001f8       0x80 Drivers/STM32F4xx_HAL_Driver/Src/stm32f4xx_hal_dma.o
 .debug_ranges  0x0000000000000278      0x108 Drivers/STM32F4xx_HAL_Driver/Src/stm32f4xx_hal_eth.o
 .debug_ranges  0x0000000000000380       0x90 Drivers/STM32F4xx_HAL_Driver/Src/stm32f4xx_hal_flash.o
 .debug_ranges  0x0000000000000410       0xc8 Drivers/STM32F4xx_HAL_Driver/Src/stm32f4xx_hal_flash_ex.o
 .debug_ranges  0x00000000000004d8       0x48 Drivers/STM32F4xx_HAL_Driver/Src/stm32f4xx_hal_gpio.o
 .debug_ranges  0x0000000000000520      0x120 Drivers/STM32F4xx_HAL_Driver/Src/stm32f4xx_hal_pcd.o
 .debug_ranges  0x0000000000000640       0x78 Drivers/STM32F4xx_HAL_Driver/Src/stm32f4xx_hal_rcc.o
 .debug_ranges  0x00000000000006b8      0x1c0 Drivers/STM32F4xx_HAL_Driver/Src/stm32f4xx_hal_uart.o
 .debug_ranges  0x0000000000000878      0x188 Drivers/STM32F4xx_HAL_Driver/Src/stm32f4xx_ll_usb.o
 .debug_ranges  0x0000000000000a00       0x50 Src/main.o
 .debug_ranges  0x0000000000000a50       0x40 Src/stm32f4xx_hal_msp.o
 .debug_ranges  0x0000000000000a90       0x58 Src/stm32f4xx_it.o
 .debug_ranges  0x0000000000000ae8       0x18 Src/system_stm32f4xx.o
 .debug_ranges  0x0000000000000b00       0x20 Startup/startup_stm32f429zitx.o

.debug_macro    0x0000000000000000    0x23542
 .debug_macro   0x0000000000000000      0x248 Drivers/STM32F4xx_HAL_Driver/Src/stm32f4xx_hal.o
 .debug_macro   0x0000000000000248      0xa5a Drivers/STM32F4xx_HAL_Driver/Src/stm32f4xx_hal.o
 .debug_macro   0x0000000000000ca2      0x19e Drivers/STM32F4xx_HAL_Driver/Src/stm32f4xx_hal.o
 .debug_macro   0x0000000000000e40       0x32 Drivers/STM32F4xx_HAL_Driver/Src/stm32f4xx_hal.o
 .debug_macro   0x0000000000000e72       0x28 Drivers/STM32F4xx_HAL_Driver/Src/stm32f4xx_hal.o
 .debug_macro   0x0000000000000e9a       0x22 Drivers/STM32F4xx_HAL_Driver/Src/stm32f4xx_hal.o
 .debug_macro   0x0000000000000ebc       0x8e Drivers/STM32F4xx_HAL_Driver/Src/stm32f4xx_hal.o
 .debug_macro   0x0000000000000f4a       0x51 Drivers/STM32F4xx_HAL_Driver/Src/stm32f4xx_hal.o
 .debug_macro   0x0000000000000f9b       0xef Drivers/STM32F4xx_HAL_Driver/Src/stm32f4xx_hal.o
 .debug_macro   0x000000000000108a       0x6a Drivers/STM32F4xx_HAL_Driver/Src/stm32f4xx_hal.o
 .debug_macro   0x00000000000010f4      0x1df Drivers/STM32F4xx_HAL_Driver/Src/stm32f4xx_hal.o
 .debug_macro   0x00000000000012d3       0x1c Drivers/STM32F4xx_HAL_Driver/Src/stm32f4xx_hal.o
 .debug_macro   0x00000000000012ef       0x22 Drivers/STM32F4xx_HAL_Driver/Src/stm32f4xx_hal.o
 .debug_macro   0x0000000000001311       0xdf Drivers/STM32F4xx_HAL_Driver/Src/stm32f4xx_hal.o
 .debug_macro   0x00000000000013f0     0x102d Drivers/STM32F4xx_HAL_Driver/Src/stm32f4xx_hal.o
 .debug_macro   0x000000000000241d      0x11f Drivers/STM32F4xx_HAL_Driver/Src/stm32f4xx_hal.o
 .debug_macro   0x000000000000253c    0x17f81 Drivers/STM32F4xx_HAL_Driver/Src/stm32f4xx_hal.o
 .debug_macro   0x000000000001a4bd       0x43 Drivers/STM32F4xx_HAL_Driver/Src/stm32f4xx_hal.o
 .debug_macro   0x000000000001a500     0x3644 Drivers/STM32F4xx_HAL_Driver/Src/stm32f4xx_hal.o
 .debug_macro   0x000000000001db44      0x174 Drivers/STM32F4xx_HAL_Driver/Src/stm32f4xx_hal.o
 .debug_macro   0x000000000001dcb8       0x5a Drivers/STM32F4xx_HAL_Driver/Src/stm32f4xx_hal.o
 .debug_macro   0x000000000001dd12      0xca5 Drivers/STM32F4xx_HAL_Driver/Src/stm32f4xx_hal.o
 .debug_macro   0x000000000001e9b7      0x9fe Drivers/STM32F4xx_HAL_Driver/Src/stm32f4xx_hal.o
 .debug_macro   0x000000000001f3b5       0xed Drivers/STM32F4xx_HAL_Driver/Src/stm32f4xx_hal.o
 .debug_macro   0x000000000001f4a2      0x117 Drivers/STM32F4xx_HAL_Driver/Src/stm32f4xx_hal.o
 .debug_macro   0x000000000001f5b9      0x157 Drivers/STM32F4xx_HAL_Driver/Src/stm32f4xx_hal.o
 .debug_macro   0x000000000001f710       0x27 Drivers/STM32F4xx_HAL_Driver/Src/stm32f4xx_hal.o
 .debug_macro   0x000000000001f737      0x287 Drivers/STM32F4xx_HAL_Driver/Src/stm32f4xx_hal.o
 .debug_macro   0x000000000001f9be       0x5f Drivers/STM32F4xx_HAL_Driver/Src/stm32f4xx_hal.o
 .debug_macro   0x000000000001fa1d      0x236 Drivers/STM32F4xx_HAL_Driver/Src/stm32f4xx_hal.o
 .debug_macro   0x000000000001fc53      0xccf Drivers/STM32F4xx_HAL_Driver/Src/stm32f4xx_hal.o
 .debug_macro   0x0000000000020922      0x132 Drivers/STM32F4xx_HAL_Driver/Src/stm32f4xx_hal.o
 .debug_macro   0x0000000000020a54      0x41d Drivers/STM32F4xx_HAL_Driver/Src/stm32f4xx_hal.o
 .debug_macro   0x0000000000020e71       0x2e Drivers/STM32F4xx_HAL_Driver/Src/stm32f4xx_hal.o
 .debug_macro   0x0000000000020e9f      0x11a Drivers/STM32F4xx_HAL_Driver/Src/stm32f4xx_hal.o
 .debug_macro   0x0000000000020fb9       0xe2 Drivers/STM32F4xx_HAL_Driver/Src/stm32f4xx_hal.o
 .debug_macro   0x000000000002109b       0x89 Drivers/STM32F4xx_HAL_Driver/Src/stm32f4xx_hal.o
 .debug_macro   0x0000000000021124      0x287 Drivers/STM32F4xx_HAL_Driver/Src/stm32f4xx_hal.o
 .debug_macro   0x00000000000213ab      0x225 Drivers/STM32F4xx_HAL_Driver/Src/stm32f4xx_hal.o
 .debug_macro   0x00000000000215d0       0xe4 Drivers/STM32F4xx_HAL_Driver/Src/stm32f4xx_hal.o
 .debug_macro   0x00000000000216b4      0x134 Drivers/STM32F4xx_HAL_Driver/Src/stm32f4xx_hal.o
 .debug_macro   0x00000000000217e8      0x1e8 Drivers/STM32F4xx_HAL_Driver/Src/stm32f4xx_hal_cortex.o
 .debug_macro   0x00000000000219d0      0x1ee Drivers/STM32F4xx_HAL_Driver/Src/stm32f4xx_hal_dma.o
 .debug_macro   0x0000000000021bbe      0x1fe Drivers/STM32F4xx_HAL_Driver/Src/stm32f4xx_hal_eth.o
 .debug_macro   0x0000000000021dbc      0x1ee Drivers/STM32F4xx_HAL_Driver/Src/stm32f4xx_hal_flash.o
 .debug_macro   0x0000000000021faa      0x1ee Drivers/STM32F4xx_HAL_Driver/Src/stm32f4xx_hal_flash_ex.o
 .debug_macro   0x0000000000022198      0x21e Drivers/STM32F4xx_HAL_Driver/Src/stm32f4xx_hal_gpio.o
 .debug_macro   0x00000000000223b6      0x1f4 Drivers/STM32F4xx_HAL_Driver/Src/stm32f4xx_hal_pcd.o
 .debug_macro   0x00000000000225aa      0x20c Drivers/STM32F4xx_HAL_Driver/Src/stm32f4xx_hal_rcc.o
 .debug_macro   0x00000000000227b6      0x1e9 Drivers/STM32F4xx_HAL_Driver/Src/stm32f4xx_hal_uart.o
 .debug_macro   0x000000000002299f      0x1e8 Drivers/STM32F4xx_HAL_Driver/Src/stm32f4xx_ll_usb.o
 .debug_macro   0x0000000000022b87      0x2a5 Src/main.o
 .debug_macro   0x0000000000022e2c      0x130 Src/main.o
 .debug_macro   0x0000000000022f5c      0x1f7 Src/stm32f4xx_hal_msp.o
 .debug_macro   0x0000000000023153      0x201 Src/stm32f4xx_it.o
 .debug_macro   0x0000000000023354      0x1ee Src/system_stm32f4xx.o

.debug_line     0x0000000000000000     0x98f9
 .debug_line    0x0000000000000000      0x90f Drivers/STM32F4xx_HAL_Driver/Src/stm32f4xx_hal.o
 .debug_line    0x000000000000090f      0xa12 Drivers/STM32F4xx_HAL_Driver/Src/stm32f4xx_hal_cortex.o
 .debug_line    0x0000000000001321      0x9bd Drivers/STM32F4xx_HAL_Driver/Src/stm32f4xx_hal_dma.o
 .debug_line    0x0000000000001cde      0xddd Drivers/STM32F4xx_HAL_Driver/Src/stm32f4xx_hal_eth.o
 .debug_line    0x0000000000002abb      0x8ca Drivers/STM32F4xx_HAL_Driver/Src/stm32f4xx_hal_flash.o
 .debug_line    0x0000000000003385      0x9da Drivers/STM32F4xx_HAL_Driver/Src/stm32f4xx_hal_flash_ex.o
 .debug_line    0x0000000000003d5f      0x8f5 Drivers/STM32F4xx_HAL_Driver/Src/stm32f4xx_hal_gpio.o
 .debug_line    0x0000000000004654      0xc63 Drivers/STM32F4xx_HAL_Driver/Src/stm32f4xx_hal_pcd.o
 .debug_line    0x00000000000052b7      0x932 Drivers/STM32F4xx_HAL_Driver/Src/stm32f4xx_hal_rcc.o
 .debug_line    0x0000000000005be9      0xfe5 Drivers/STM32F4xx_HAL_Driver/Src/stm32f4xx_hal_uart.o
 .debug_line    0x0000000000006bce      0xe10 Drivers/STM32F4xx_HAL_Driver/Src/stm32f4xx_ll_usb.o
 .debug_line    0x00000000000079de      0x862 Src/main.o
 .debug_line    0x0000000000008240      0x799 Src/stm32f4xx_hal_msp.o
 .debug_line    0x00000000000089d9      0x79a Src/stm32f4xx_it.o
 .debug_line    0x0000000000009173      0x705 Src/system_stm32f4xx.o
 .debug_line    0x0000000000009878       0x81 Startup/startup_stm32f429zitx.o

.debug_str      0x0000000000000000    0xd7d67
 .debug_str     0x0000000000000000    0xd3a7c Drivers/STM32F4xx_HAL_Driver/Src/stm32f4xx_hal.o
                                      0xd3de8 (size before relaxing)
 .debug_str     0x00000000000d3a7c      0x3e8 Drivers/STM32F4xx_HAL_Driver/Src/stm32f4xx_hal_cortex.o
                                      0xd3b15 (size before relaxing)
 .debug_str     0x00000000000d3e64      0x534 Drivers/STM32F4xx_HAL_Driver/Src/stm32f4xx_hal_dma.o
                                      0xd360a (size before relaxing)
 .debug_str     0x00000000000d4398      0xbbc Drivers/STM32F4xx_HAL_Driver/Src/stm32f4xx_hal_eth.o
                                      0xd3dd3 (size before relaxing)
 .debug_str     0x00000000000d4f54      0x2a4 Drivers/STM32F4xx_HAL_Driver/Src/stm32f4xx_hal_flash.o
                                      0xd33c5 (size before relaxing)
 .debug_str     0x00000000000d51f8      0x384 Drivers/STM32F4xx_HAL_Driver/Src/stm32f4xx_hal_flash_ex.o
                                      0xd3568 (size before relaxing)
 .debug_str     0x00000000000d557c      0x257 Drivers/STM32F4xx_HAL_Driver/Src/stm32f4xx_hal_gpio.o
                                      0xd3447 (size before relaxing)
 .debug_str     0x00000000000d57d3      0x86f Drivers/STM32F4xx_HAL_Driver/Src/stm32f4xx_hal_pcd.o
                                      0xd3995 (size before relaxing)
 .debug_str     0x00000000000d6042      0x379 Drivers/STM32F4xx_HAL_Driver/Src/stm32f4xx_hal_rcc.o
                                      0xd35ea (size before relaxing)
 .debug_str     0x00000000000d63bb      0x6de Drivers/STM32F4xx_HAL_Driver/Src/stm32f4xx_hal_uart.o
                                      0xd3a28 (size before relaxing)
 .debug_str     0x00000000000d6a99      0x67a Drivers/STM32F4xx_HAL_Driver/Src/stm32f4xx_ll_usb.o
                                      0xd3ac9 (size before relaxing)
 .debug_str     0x00000000000d7113      0xae4 Src/main.o
                                      0xd49e1 (size before relaxing)
 .debug_str     0x00000000000d7bf7       0x1b Src/stm32f4xx_hal_msp.o
                                      0xd47fc (size before relaxing)
 .debug_str     0x00000000000d7c12       0xca Src/stm32f4xx_it.o
                                      0xd39e1 (size before relaxing)
 .debug_str     0x00000000000d7cdc       0x5a Src/system_stm32f4xx.o
                                      0xd3203 (size before relaxing)
 .debug_str     0x00000000000d7d36       0x31 Startup/startup_stm32f429zitx.o
                                         0x58 (size before relaxing)

.comment        0x0000000000000000       0x7b
 .comment       0x0000000000000000       0x7b Drivers/STM32F4xx_HAL_Driver/Src/stm32f4xx_hal.o
                                         0x7c (size before relaxing)
 .comment       0x000000000000007b       0x7c Drivers/STM32F4xx_HAL_Driver/Src/stm32f4xx_hal_cortex.o
 .comment       0x000000000000007b       0x7c Drivers/STM32F4xx_HAL_Driver/Src/stm32f4xx_hal_dma.o
 .comment       0x000000000000007b       0x7c Drivers/STM32F4xx_HAL_Driver/Src/stm32f4xx_hal_eth.o
 .comment       0x000000000000007b       0x7c Drivers/STM32F4xx_HAL_Driver/Src/stm32f4xx_hal_flash.o
 .comment       0x000000000000007b       0x7c Drivers/STM32F4xx_HAL_Driver/Src/stm32f4xx_hal_flash_ex.o
 .comment       0x000000000000007b       0x7c Drivers/STM32F4xx_HAL_Driver/Src/stm32f4xx_hal_gpio.o
 .comment       0x000000000000007b       0x7c Drivers/STM32F4xx_HAL_Driver/Src/stm32f4xx_hal_pcd.o
 .comment       0x000000000000007b       0x7c Drivers/STM32F4xx_HAL_Driver/Src/stm32f4xx_hal_rcc.o
 .comment       0x000000000000007b       0x7c Drivers/STM32F4xx_HAL_Driver/Src/stm32f4xx_hal_uart.o
 .comment       0x000000000000007b       0x7c Drivers/STM32F4xx_HAL_Driver/Src/stm32f4xx_ll_usb.o
 .comment       0x000000000000007b       0x7c Src/main.o
 .comment       0x000000000000007b       0x7c Src/stm32f4xx_hal_msp.o
 .comment       0x000000000000007b       0x7c Src/stm32f4xx_it.o
 .comment       0x000000000000007b       0x7c Src/system_stm32f4xx.o

.debug_frame    0x0000000000000000     0x3234
 .debug_frame   0x0000000000000000      0x3b4 Drivers/STM32F4xx_HAL_Driver/Src/stm32f4xx_hal.o
 .debug_frame   0x00000000000003b4      0x498 Drivers/STM32F4xx_HAL_Driver/Src/stm32f4xx_hal_cortex.o
 .debug_frame   0x000000000000084c      0x250 Drivers/STM32F4xx_HAL_Driver/Src/stm32f4xx_hal_dma.o
 .debug_frame   0x0000000000000a9c      0x4dc Drivers/STM32F4xx_HAL_Driver/Src/stm32f4xx_hal_eth.o
 .debug_frame   0x0000000000000f78      0x274 Drivers/STM32F4xx_HAL_Driver/Src/stm32f4xx_hal_flash.o
 .debug_frame   0x00000000000011ec      0x378 Drivers/STM32F4xx_HAL_Driver/Src/stm32f4xx_hal_flash_ex.o
 .debug_frame   0x0000000000001564      0x14c Drivers/STM32F4xx_HAL_Driver/Src/stm32f4xx_hal_gpio.o
 .debug_frame   0x00000000000016b0      0x548 Drivers/STM32F4xx_HAL_Driver/Src/stm32f4xx_hal_pcd.o
 .debug_frame   0x0000000000001bf8      0x1f0 Drivers/STM32F4xx_HAL_Driver/Src/stm32f4xx_hal_rcc.o
 .debug_frame   0x0000000000001de8      0x83c Drivers/STM32F4xx_HAL_Driver/Src/stm32f4xx_hal_uart.o
 .debug_frame   0x0000000000002624      0x790 Drivers/STM32F4xx_HAL_Driver/Src/stm32f4xx_ll_usb.o
 .debug_frame   0x0000000000002db4      0x144 Src/main.o
 .debug_frame   0x0000000000002ef8      0x110 Src/stm32f4xx_hal_msp.o
 .debug_frame   0x0000000000003008      0x128 Src/stm32f4xx_it.o
 .debug_frame   0x0000000000003130       0x58 Src/system_stm32f4xx.o
 .debug_frame   0x0000000000003188       0x2c c:/st/stm32cubeide_1.0.1/stm32cubeide/plugins/com.st.stm32cube.ide.mcu.externaltools.gnu-tools-for-stm32.7-2018-q2-update.win32_1.0.0.201904181610/tools/bin/../lib/gcc/arm-none-eabi/7.3.1/../../../../arm-none-eabi/lib/thumb/v7e-m/fpv4-sp/hard\libc_nano.a(lib_a-init.o)
 .debug_frame   0x00000000000031b4       0x20 c:/st/stm32cubeide_1.0.1/stm32cubeide/plugins/com.st.stm32cube.ide.mcu.externaltools.gnu-tools-for-stm32.7-2018-q2-update.win32_1.0.0.201904181610/tools/bin/../lib/gcc/arm-none-eabi/7.3.1/../../../../arm-none-eabi/lib/thumb/v7e-m/fpv4-sp/hard\libc_nano.a(lib_a-memset.o)
 .debug_frame   0x00000000000031d4       0x2c c:/st/stm32cubeide_1.0.1/stm32cubeide/plugins/com.st.stm32cube.ide.mcu.externaltools.gnu-tools-for-stm32.7-2018-q2-update.win32_1.0.0.201904181610/tools/bin/../lib/gcc/arm-none-eabi/7.3.1/thumb/v7e-m/fpv4-sp/hard\libgcc.a(_aeabi_uldivmod.o)
 .debug_frame   0x0000000000003200       0x34 c:/st/stm32cubeide_1.0.1/stm32cubeide/plugins/com.st.stm32cube.ide.mcu.externaltools.gnu-tools-for-stm32.7-2018-q2-update.win32_1.0.0.201904181610/tools/bin/../lib/gcc/arm-none-eabi/7.3.1/thumb/v7e-m/fpv4-sp/hard\libgcc.a(_udivmoddi4.o)
